[mutationmedia.net/BARBER/index04b9.html]
[backblue.gif]
[fade.gif]
[index.html]
[mutationmedia.net/BARBER/css/venobox.css]
[mutationmedia.net/BARBER/img/1.jpg]
[mutationmedia.net/BARBER/img/2.jpg]
[mutationmedia.net/BARBER/img/3.png]
[mutationmedia.net/BARBER/img/signature.png]
[mutationmedia.net/BARBER/img/4.jpg]
[mutationmedia.net/BARBER/img/5.png]
[mutationmedia.net/BARBER/img/6.png]
[mutationmedia.net/BARBER/img/7.png]
[mutationmedia.net/BARBER/img/8.png]
[mutationmedia.net/BARBER/img/9.png]
[mutationmedia.net/BARBER/img/10.jpg]
[mutationmedia.net/BARBER/img/11.jpg]
[mutationmedia.net/BARBER/img/12.jpg]
[mutationmedia.net/BARBER/img/14.jpg]
[mutationmedia.net/BARBER/img/19.jpg]
[mutationmedia.net/BARBER/img/20.jpg]
[mutationmedia.net/BARBER/img/21.jpg]
[mutationmedia.net/BARBER/img/16.png]
[mutationmedia.net/BARBER/img/17.png]
[mutationmedia.net/BARBER/img/18.png]
[mutationmedia.net/BARBER/img/15.jpg]
[mutationmedia.net/BARBER/js/jquery-1.12.4.min.js]
[mutationmedia.net/BARBER/js/jquery.flexslider-min.js]
[mutationmedia.net/BARBER/js/smooth-scroll.js]
[mutationmedia.net/BARBER/js/placeholders.min.js]
[mutationmedia.net/BARBER/js/instafeed.min.js]
[mutationmedia.net/BARBER/js/script.js]
[mutationmedia.net/BARBER/index04b9.html]
[mutationmedia.net/BARBER/css/bootstrap.css]
[mutationmedia.net/BARBER/css/base.css]
[mutationmedia.net/BARBER/css/main.css]
[mutationmedia.net/BARBER/css/flexslider.css]
[mutationmedia.net/BARBER/css/venobox.html]
[mutationmedia.net/BARBER/font/fontellob69f.eot]
[mutationmedia.net/BARBER/font/fontellob69f.woff2]
[mutationmedia.net/BARBER/font/fontellob69f.woff]
[mutationmedia.net/BARBER/font/fontellob69f.ttf]
[mutationmedia.net/BARBER/css/fonts.css]
[mutationmedia.net/BARBER/font/fontellob69f.svg]
